python : E
At line:1 char:1
+ python manage.py test 2>&1 | Tee-Object -FilePath test_output.txt
+ ~~~~~~~~~~~~~~~~~~~~~~~~~~
    + CategoryInfo          : NotSpecified: (E:String) [], RemoteException
    + FullyQualifiedErrorId : NativeCommandError
 
======================================================================
ERROR: lockers.tests (unittest.loader._FailedTest.lockers.tests)
----------------------------------------------------------------------
ImportError: Failed to import test module: lockers.tests
Traceback (most recent call last):
  File "C:\Users\Avenido\AppData\Local\Programs\Python\Python314\Lib\unittest\l
oader.py", line 426, in _find_test_path
    module = self._get_module_from_name(name)
  File "C:\Users\Avenido\AppData\Local\Programs\Python\Python314\Lib\unittest\l
oader.py", line 367, in _get_module_from_name
    __import__(name)
    ~~~~~~~~~~^^^^^^
  File "C:\Users\Avenido\appdev-backend\backend\lockers\tests.py", line 157
    }
    ^
SyntaxError: unmatched '}'


----------------------------------------------------------------------
Ran 1 test in 0.001s

FAILED (errors=1)
Found 1 test(s).
System check identified no issues (0 silenced).
